// Jest Snapshot v1, https://goo.gl/fbAQLP

exports[`<AboutScreen /> Screenshot 1`] = `
<View
  style={
    {
      "alignItems": "center",
      "backgroundColor": "#25292e",
      "flex": 1,
      "justifyContent": "center",
    }
  }
>
  <Text
    style={
      {
        "color": "#fff",
      }
    }
  >
    About screen
  </Text>
</View>
`;
